data/runs/5550074f-b2a7-4e63-8464-080cc1d361a0/panel.csv
t,firm_id,price,cost,quantity,profit
0,0,3.0,1.0,2500.0,5000.0
1,0,3.048638140403222,1.0486381404032221,2445.2083554045666,4890.416710809132
2,0,2.9099086859440444,0.9099086859440442,2608.1333762005042,5216.2667524010085
3,0,2.9633435719715537,0.9633435719715535,2606.250325411262,5212.500650822524
4,0,2.981324614164648,0.9813246141646478,2548.0585741353693,5096.117148270739
5,0,2.9271085274113906,0.9271085274113906,2449.341498522378,4898.682997044756
6,0,2.7713859207009355,0.7713859207009356,2591.930745360177,5183.861490720354
7,0,2.7512770385503877,0.7512770385503877,2552.2015622373,5104.4031244746
8,0,2.7083763034155197,0.7083763034155197,2432.2352280041564,4864.470456008313
9,0,2.632199000825575,0.6321990008255751,2470.0864372784035,4940.172874556807
10,0,2.5191019181071743,0.5191019181071744,2590.550836087311,5181.101672174622
11,0,2.562960408503124,0.5629604085031243,2602.746804469705,5205.493608939409
12,0,2.7634064612145823,0.7634064612145822,2397.078433243188,4794.156866486376
13,0,2.795088661826167,0.795088661826167,2484.710481926767,4969.420963853534
14,0,2.772839201590249,0.7728392015902491,2418.9999873271454,4837.999974654291
15,0,2.663322328231395,0.6633223282313948,2556.594868382503,5113.189736765006
16,0,2.5438998702528024,0.5438998702528024,2675.6443692546154,5351.288738509231
17,0,2.435100167816796,0.4351001678167957,2719.8070343880536,5439.614068776107
18,0,2.5171036774317823,0.5171036774317823,2638.662466865447,5277.324933730894
19,0,2.6979088442628845,0.6979088442628842,2413.961626972807,4827.923253945614
20,0,2.7313710124577706,0.7313710124577705,2380.2101013308643,4760.420202661729
21,0,2.731527597429145,0.7315275974291453,2445.81110253393,4891.622205067859
22,0,2.736779082344274,0.7367790823442739,2346.3435016218577,4692.6870032437155
23,0,2.7600802503790933,0.7600802503790933,2348.7286988048286,4697.457397609657
24,0,2.772694502575022,0.7726945025750221,2396.6086468586814,4793.217293717363
25,0,2.798539904351543,0.7985399043515431,2439.361559460042,4878.723118920083
26,0,2.7780006260830055,0.7780006260830054,2372.1817071822793,4744.363414364559
27,0,2.8366303016853247,0.8366303016853246,2314.6360365701694,4629.272073140339
28,0,2.9216899925353434,0.9216899925353436,2259.668544250538,4519.337088501076
29,0,2.8853141241202693,0.8853141241202692,2383.0407279483047,4766.081455896609
30,0,3.1060028927175303,1.1060028927175305,2125.3169946641206,4250.63398932824
31,0,3.0221466342508014,1.0221466342508012,2201.953650170155,4403.90730034031
32,0,2.978968816925092,0.978968816925092,2211.4489172325084,4422.897834465017
33,0,2.921364295692668,0.9213642956926683,2273.7396599623635,4547.479319924727
34,0,3.0759308925300344,1.0759308925300342,2219.936644551387,4439.873289102774
35,0,3.1128154418995044,1.1128154418995044,2213.9161362627983,4427.832272525597
36,0,3.24736957018167,1.24736957018167,2020.7921953733735,4041.5843907467465
37,0,3.135485378262591,1.1354853782625909,2024.2540488659226,4048.5080977318453
38,0,3.3078753819286204,1.3078753819286204,1953.6019075504698,3907.2038151009397
39,0,3.2363970706143954,1.2363970706143956,2069.593606048077,4139.187212096153
40,0,3.340329421002041,1.3403294210020407,1960.764571850384,3921.529143700768
41,0,3.2535887336451266,1.2535887336451266,1927.1251081981777,3854.2502163963554
42,0,3.2384556454933353,1.238455645493335,1878.7390258155442,3757.4780516310884
43,0,3.1599394067252966,1.1599394067252966,1989.8683441844012,3979.7366883688023
44,0,3.2439724337685316,1.2439724337685314,1937.5825998857063,3875.1651997714125
45,0,3.3459110728133994,1.3459110728133994,1847.9976133595233,3695.9952267190465
46,0,3.3673016776532836,1.3673016776532836,1801.271918719016,3602.543837438032
47,0,3.3385193658123744,1.3385193658123744,1809.641565684091,3619.283131368182
48,0,3.3149200421143226,1.3149200421143223,1799.9993174269657,3599.9986348539314
49,0,3.3191133584172268,1.3191133584172268,1953.6054825624433,3907.2109651248866
50,0,3.0840146752211006,1.0840146752211006,2058.266926241693,4116.533852483386
51,0,3.003230328756474,1.003230328756474,2169.832097586788,4339.6641951735755
52,0,3.2355159727373994,1.2355159727373997,2009.2977447877024,4018.5954895754044
53,0,3.303259074201887,1.3032590742018872,1950.190881205261,3900.3817624105213
54,0,3.4168611645579,1.4168611645579001,1804.0320525687207,3608.0641051374414
55,0,3.4160673889371083,1.4160673889371083,1791.219439005049,3582.438878010098
56,0,3.4562824723970413,1.4562824723970413,1727.4399030288837,3454.8798060577674
57,0,3.493774990034804,1.493774990034804,1610.3152733756567,3220.6305467513134
58,0,3.3591749576018293,1.359174957601829,1698.2247255375385,3396.449451075077
59,0,3.2204988834204946,1.2204988834204946,1810.8446810537287,3621.6893621074573
60,0,3.2500638049780983,1.2500638049780983,1803.8483954908368,3607.6967909816735
61,0,3.3992426760273524,1.3992426760273524,1749.7677310481986,3499.535462096397
62,0,3.5107769164272735,1.5107769164272735,1757.0274850659648,3514.0549701319296
63,0,3.4517509329046554,1.4517509329046556,1872.4940378914084,3744.9880757828164
64,0,3.3121087249734984,1.3121087249734986,1895.4947625541195,3790.9895251082385
65,0,3.3017508036560574,1.3017508036560574,1852.9077179580406,3705.8154359160812
66,0,3.21807752889126,1.2180775288912602,1971.5054413979371,3943.0108827958743
67,0,3.327452751860537,1.327452751860537,1847.3610197152168,3694.7220394304336
68,0,3.2863340429198686,1.2863340429198689,1906.7065159586487,3813.413031917297
69,0,3.2536265348520894,1.2536265348520896,1927.3781979468592,3854.756395893718
70,0,3.350572239010945,1.350572239010945,1922.6673019182206,3845.334603836441
71,0,3.3226939771094246,1.3226939771094248,1933.0270409249656,3866.0540818499308
72,0,3.372256262427978,1.3722562624279784,2005.519746134449,4011.0394922688974
73,0,3.3316078333022565,1.3316078333022563,2095.4276410483617,4190.855282096723
74,0,3.351072754728496,1.3510727547284958,2154.4389143649873,4308.877828729975
75,0,3.345124821734877,1.3451248217348768,2187.096621721397,4374.193243442794
76,0,3.6062418969211785,1.6062418969211785,2010.9405764485577,4021.8811528971155
77,0,3.774361953399709,1.7743619533997088,1806.4238732472595,3612.847746494519
78,0,3.792691705486851,1.7926917054868512,1822.984129390785,3645.96825878157
79,0,3.731189576273852,1.7311895762738518,1844.1070062266642,3688.2140124533285
80,0,3.9385291915959373,1.938529191595937,1724.0714641528252,3448.1429283056505
81,0,4.027064972303794,2.027064972303794,1613.298590155109,3226.597180310218
82,0,4.072819516911373,2.0728195169113732,1603.6349819269299,3207.2699638538597
83,0,4.182137190607059,2.182137190607059,1571.026917224214,3142.053834448428
84,0,4.309663999155658,2.309663999155658,1446.2086256691196,2892.4172513382396
85,0,4.260651719793328,2.260651719793328,1554.816198807902,3109.632397615805
86,0,4.29953919580721,2.2995391958072093,1565.725449911868,3131.450899823737
87,0,4.278499184611989,2.278499184611989,1615.4776970933044,3230.955394186609
88,0,4.170739524052646,2.1707395240526464,1677.3308502441253,3354.6617004882496
89,0,4.063606806356289,2.0636068063562893,1717.9172920856254,3435.8345841712508
90,0,4.181667852972323,2.181667852972323,1732.6510642770845,3465.302128554169
91,0,4.085972752831232,2.0859727528312324,1791.6621944131525,3583.324388826304
92,0,4.16633901566739,2.16633901566739,1740.9198594278664,3481.839718855733
93,0,4.245776144057145,2.245776144057145,1700.7567960083675,3401.513592016735
94,0,4.095371298989379,2.0953712989893787,1780.6288359450145,3561.25767189003
95,0,4.183280999511071,2.183280999511071,1684.762751299008,3369.525502598016
96,0,4.098553481230901,2.0985534812309012,1765.717522803873,3531.435045607746
97,0,4.221777982922443,2.221777982922443,1672.8820975260012,3345.7641950520033
98,0,4.294391061197038,2.294391061197038,1647.200574894645,3294.401149789289
99,0,4.279057488814803,2.2790574888148027,1595.566380549853,3191.132761099706
0,1,3.0,1.0,2500.0,5000.0
1,1,2.9522608021449877,0.9522608021449879,2565.924917798789,5131.849835597577
2,1,3.1188496451108265,1.1188496451108265,2349.4101681003945,4698.820336200789
3,1,3.196504823677888,1.1965048236778881,2319.4542143573267,4638.908428714653
4,1,3.062346354736997,1.0623463547369967,2446.8974018345143,4893.794803669029
5,1,3.0625443182202936,1.0625443182202936,2288.9685858460393,4577.937171692079
6,1,3.0332650554551313,1.033265055455131,2273.825128885095,4547.65025777019
7,1,2.9231151503489476,0.9231151503489475,2342.0749999023205,4684.149999804641
8,1,2.617344285558625,0.617344285558625,2545.498971709902,5090.997943419804
9,1,2.550230145566149,0.5502301455661489,2573.424680923772,5146.849361847544
10,1,2.594766859018848,0.5947668590188482,2494.3746603858076,4988.749320771614
11,1,2.620150015450323,0.6201500154503231,2529.375785368148,5058.751570736296
12,1,2.6003864468812354,0.6003864468812352,2600.648100799865,5201.29620159973
13,1,2.8096391376823915,0.8096391376823916,2466.6992195411317,4933.398439082263
14,1,2.745654665878869,0.745654665878869,2452.1041537826504,4904.208307565301
15,1,3.0319386159703123,1.0319386159703121,2126.2675096312887,4252.535019262577
16,1,3.0068542837251666,1.0068542837251664,2122.7512999911987,4245.502599982397
17,1,2.9336110203027346,0.9336110203027348,2119.765582565669,4239.531165131337
18,1,2.8094983569381924,0.8094983569381923,2279.7705630922355,4559.541126184471
19,1,2.712713940565225,0.7127139405652252,2396.1581366902487,4792.3162733804975
20,1,2.7850851076566516,0.7850851076566517,2317.1354757241993,4634.270951448399
21,1,2.84155808984114,0.8415580898411397,2314.888589710755,4629.77717942151
22,1,2.9225886227950566,0.9225886227950568,2138.1765565165306,4276.35311303306
23,1,2.8382469046449406,0.8382469046449407,2258.703272558369,4517.406545116738
24,1,3.006699933759621,1.0066999337596207,2131.981776451726,4263.963552903452
25,1,3.0487110088496765,1.0487110088496763,2152.5448575759688,4305.0897151519375
26,1,2.9364874053977337,0.9364874053977335,2191.4571625521967,4382.914325104393
27,1,3.114928678895316,1.1149286788953159,2013.960672305945,4027.92134461189
28,1,2.9833491114333017,0.9833491114333018,2191.066871720682,4382.133743441364
29,1,2.9885296961272316,0.9885296961272317,2263.1768294811905,4526.353658962381
30,1,2.9635464812926195,0.9635464812926195,2282.221180978883,4564.442361957766
31,1,3.0070867141474356,1.0070867141474353,2218.5968558892055,4437.193711778411
32,1,2.9192387247550675,0.9192387247550673,2278.4900514666274,4556.980102933255
33,1,3.0352773727801217,1.0352773727801217,2147.8543449330873,4295.708689866175
34,1,3.1367407356675296,1.1367407356675296,2153.4554443431052,4306.9108886862105
35,1,3.013783463731529,1.0137834637315288,2326.2998168172035,4652.599633634407
36,1,2.9986381170545076,0.9986381170545076,2288.405614850281,4576.811229700562
37,1,2.901115578719155,0.9011155787191552,2275.9240859016877,4551.848171803375
38,1,2.916356153896655,0.9163561538966547,2376.0380479476908,4752.0760958953815
39,1,3.012653721552975,1.012653721552975,2314.5700273302473,4629.140054660495
40,1,2.9467321066935988,0.9467321066935989,2387.2286727924625,4774.457345584925
41,1,2.7921835251731686,0.7921835251731686,2427.184431423788,4854.368862847576
42,1,2.75024162474212,0.7502416247421204,2398.1745198945746,4796.349039789148
43,1,2.840971036287057,0.840971036287057,2333.9279486679047,4667.8558973358095
44,1,2.8891666896277,0.8891666896277,2313.6907703790384,4627.381540758077
45,1,2.892113226294766,0.892113226294766,2318.6882238327094,4637.376447665419
46,1,2.9660718831538806,0.9660718831538805,2201.4317279409156,4402.863455881831
47,1,2.8585509644060743,0.8585509644060743,2300.4689566831357,4600.9379133662715
48,1,3.0049322692662357,1.0049322692662357,2101.7706836033926,4203.541367206785
49,1,3.1774947815564363,1.1774947815564363,2096.9542172658844,4193.908434531769
50,1,3.2225397068718156,1.2225397068718158,1920.5312009685067,3841.062401937013
51,1,3.281431944076982,1.281431944076982,1888.0583680281582,3776.1167360563163
52,1,3.2424468187316844,1.2424468187316844,2002.3467292357006,4004.6934584714013
53,1,3.3397596001205954,1.3397596001205954,1914.9221951125476,3829.844390225095
54,1,3.2135069639384257,1.2135069639384257,1997.1103070576787,3994.2206141153574
55,1,3.2962715821888304,1.2962715821888304,1901.7880871590446,3803.576174318089
56,1,3.4962715791247923,1.4962715791247923,1693.2435236222893,3386.4870472445787
57,1,3.5156503838461175,1.5156503838461175,1592.7981063605532,3185.5962127211064
58,1,3.477879130273779,1.4778791302737793,1600.3643786778239,3200.7287573556473
59,1,3.443760023261322,1.4437600232613221,1619.573496982098,3239.1469939641956
60,1,3.492471733620514,1.4924717336205142,1597.9449793582899,3195.8899587165797
61,1,3.3678087568518897,1.3678087568518895,1777.486012736578,3554.972025473156
62,1,3.414875303172387,1.4148753031723869,1843.330996030876,3686.661992061752
63,1,3.5122728725600014,1.5122728725600012,1816.679315311992,3633.358630623984
64,1,3.4726202851817227,1.4726202851817225,1749.3147026791953,3498.6294053583906
65,1,3.37813134407625,1.3781313440762502,1783.4788631719189,3566.9577263438373
66,1,3.459319544664537,1.4593195446645368,1747.4829293651562,3494.9658587303124
67,1,3.5447757012255128,1.5447757012255126,1657.145709313371,3314.291418626742
68,1,3.557161912617091,1.5571619126170912,1665.2303823444204,3330.4607646888403
69,1,3.5282733318660573,1.5282733318660573,1680.072982145743,3360.145964291486
70,1,3.436813160263207,1.4368131602632068,1841.5230634341656,3683.046126868331
71,1,3.4642733722494836,1.4642733722494836,1800.9197230457594,3601.8394460915188
72,1,3.5739304754384005,1.5739304754384007,1813.1508730640633,3626.301746128126
73,1,3.5946376998710914,1.5946376998710912,1837.2000925857199,3674.4001851714397
74,1,3.446805245412083,1.446805245412083,2053.7432008254877,4107.4864016509755
75,1,3.5590871003645996,1.5590871003645996,1965.1995285870514,3930.399057174103
76,1,3.5255158552734915,1.5255158552734913,2093.7685618705495,4187.537123741099
77,1,3.5873023020446846,1.5873023020446844,1983.5317262497156,3967.063452499431
78,1,3.5079075641938884,1.5079075641938882,2101.9528906837563,4203.905781367513
79,1,3.398288600835645,1.3982886008356452,2178.0841074160794,4356.168214832159
80,1,3.627479068150291,1.6274790681502909,2014.1830634653115,4028.366126930623
81,1,3.6961017439426733,1.6961017439426733,1903.6298500458984,3807.2597000917967
82,1,3.619139743975598,1.6191397439755981,2011.966903677227,4023.933807354454
83,1,3.62358463577855,1.6235846357785497,2077.1687121374252,4154.3374242748505
84,1,3.510362917023483,1.5103629170234831,2156.7359233712145,4313.471846742429
85,1,3.486745014057904,1.4867450140579044,2289.447887621811,4578.895775243621
86,1,3.593521791621243,1.5935217916212434,2228.5651880232554,4457.13037604651
87,1,3.634741672390209,1.6347416723902088,2228.90282288764,4457.80564577528
88,1,3.568027285263864,1.568027285263864,2267.2323753709247,4534.4647507418495
89,1,3.5242625859221146,1.5242625859221148,2249.6728162544437,4499.345632508886
90,1,3.4981366657757187,1.4981366657757187,2438.585690636921,4877.171381273842
91,1,3.4780726074661747,1.4780726074661747,2428.06310135025,4856.1262027005
92,1,3.2988761929711097,1.2988761929711097,2686.2469665669373,5372.493933133875
93,1,3.3222527626947,1.3222527626946998,2698.8749926898804,5397.749985379761
94,1,3.346033707410931,1.346033707410931,2589.9417272467645,5179.883454493529
95,1,3.298312082744558,1.2983120827445578,2622.4505678355486,5244.901135671097
96,1,3.2686374289218474,1.2686374289218474,2673.8387192127866,5347.677438425573
97,1,3.3006300052380766,1.3006300052380768,2651.4904999153437,5302.980999830686
98,1,3.2120409241539556,1.2120409241539556,2829.930899632867,5659.861799265734
99,1,3.1040566497682285,1.1040566497682287,2871.1975003345087,5742.395000669017
