data/runs/5550074f-b2a7-4e63-8464-080cc1d361a0/panel.csv
t,firm_id,price,cost,quantity,profit
0,2,3.0,1.0,2500.0,5000.0
1,2,3.066933961965419,1.066933961965419,2422.941808997855,4845.88361799571
2,2,3.047840810245204,1.047840810245204,2434.323079498597,4868.646158997194
3,2,3.0723158470364345,1.0723158470364347,2468.0451348201486,4936.090269640296
4,2,3.054117722368909,1.0541177223689089,2456.985449894746,4913.970899789492
5,2,2.784136809389693,0.784136809389693,2630.844957815791,5261.689915631582
6,2,2.8100431473346323,0.8100431473346323,2542.3133803945507,5084.626760789101
7,2,2.750759782124592,0.7507597821245919,2552.8617189301895,5105.723437860379
8,2,2.672089643414567,0.672089643414567,2476.766828576039,4953.533657152078
9,2,2.703931012677109,0.7039310126771091,2383.064200874052,4766.128401748104
10,2,2.7358126926961335,0.7358126926961337,2324.5236674395705,4649.04733487914
11,2,2.840830270084116,0.8408302700841158,2265.130605692442,4530.261211384884
12,2,2.759616326656842,0.7596163266568419,2401.625365157082,4803.250730314164
13,2,2.7634772049097602,0.7634772049097601,2524.295149266051,5048.590298532102
14,2,2.6560612078246333,0.6560612078246333,2564.447929445102,5128.895858890204
15,2,2.5850989412879617,0.5850989412879618,2658.5688109931043,5317.137621986209
16,2,2.659037997840914,0.659037997840914,2525.95996149957,5051.91992299914
17,2,2.651717540430754,0.6517175404307542,2440.620348658223,4881.240697316445
18,2,2.671272569236852,0.671272569236852,2442.9045031768696,4885.809006353739
19,2,2.5533204162893512,0.5533204162893512,2594.9401181684716,5189.880236336943
20,2,2.515627837491643,0.5156278374916429,2651.327211472468,5302.654422944936
21,2,2.594199652205805,0.5941996522058051,2619.650153877658,5239.300307755316
22,2,2.413672415276759,0.4136724152767586,2757.739970930806,5515.479941861612
23,2,2.4840795873455876,0.4840795873455874,2696.284014318401,5392.568028636802
24,2,2.508025661148703,0.5080256611487028,2735.704788344796,5471.409576689592
25,2,2.592513677421673,0.592513677421673,2704.046791481994,5408.0935829639875
26,2,2.5056952993685977,0.5056952993685975,2718.180565132762,5436.361130265524
27,2,2.430556411625888,0.430556411625888,2835.7016455619428,5671.4032911238855
28,2,2.5110898118472105,0.5110898118472104,2774.6322920143903,5549.2645840287805
29,2,2.652756443834375,0.6527564438343753,2676.8912212852524,5353.782442570505
30,2,2.557300007983735,0.5573000079837349,2796.2309121784983,5592.461824356997
31,2,2.548950744537682,0.5489507445376816,2789.7247469703198,5579.4494939406395
32,2,2.5394076176415163,0.5394076176415163,2755.030515650432,5510.061031300864
33,2,2.5127043201044805,0.5127043201044806,2789.202997552274,5578.405995104548
34,2,2.6021690514108853,0.6021690514108851,2813.3039555527535,5626.607911105507
35,2,2.6938172382336654,0.6938172382336655,2729.8920234599987,5459.784046919997
36,2,2.5629407110465388,0.5629407110465389,2845.4010948881723,5690.802189776345
37,2,2.451312417631106,0.4513124176311058,2849.9109326161947,5699.821865232389
38,2,2.5630141133813753,0.5630141133813753,2835.180022250919,5670.360044501838
39,2,2.626214897975875,0.6262148979758752,2807.918183310838,5615.836366621676
40,2,2.6092714317616506,0.6092714317616506,2826.0033776785763,5652.0067553571525
41,2,2.4901567095700647,0.49015670957006485,2822.8452301890175,5645.690460378035
42,2,2.3969351487648387,0.3969351487648389,2861.543227144941,5723.086454289881
43,2,2.4498054278135353,0.44980542781353505,2838.1018535738467,5676.203707147693
44,2,2.4551922727876305,0.45519227278763047,2874.3633148676277,5748.726629735255
45,2,2.4332401856660737,0.43324018566607386,2916.6570814038837,5833.3141628077665
46,2,2.3479645927252606,0.34796459272526065,2998.648176670034,5997.296353340068
47,2,2.364596852091603,0.3645968520916034,2944.9447388163867,5889.8894776327725
48,2,2.260789844683466,0.26078984468346617,3049.1149994848206,6098.229998969641
49,2,2.4781666851869546,0.4781666851869546,2974.720150085836,5949.440300171672
50,2,2.323463925809043,0.3234639258090428,3010.6009363948997,6021.201872789799
51,2,2.3746958486341234,0.37469584863412325,2971.0547671925265,5942.109534385053
52,2,2.437747218757764,0.43774721875776385,2994.177762988298,5988.355525976596
53,2,2.397424653196094,0.3974246531960941,3067.4434618410955,6134.886923682191
54,2,2.3344738565975596,0.3344738565975595,3099.4288201868003,6198.857640373601
55,2,2.2848371587969627,0.2848371587969627,3153.496236917953,6306.992473835906
56,2,2.1679960573938106,0.16799605739381046,3289.6582866744134,6579.316573348827
57,2,2.0,0.0,3398.4433101318955,6796.886620263791
58,2,2.0,0.0,3350.7054478923187,6701.410895784637
59,2,2.029479704917309,0.02947970491730891,3284.790910982087,6569.581821964173
60,2,2.0426071490698017,0.042607149069801675,3299.103312575437,6598.206625150874
61,2,2.1693021882549464,0.16930218825494625,3236.373128107612,6472.746256215224
62,2,2.311834229819951,0.31183422981995057,3199.8207594515798,6399.6415189031595
63,2,2.408054451151459,0.4080544511514594,3155.4133233982993,6310.826646796598
64,2,2.278819099726451,0.278819099726451,3177.5952673833426,6355.190534766685
65,2,2.2203647267738775,0.2203647267738777,3181.80670943502,6363.613418870039
66,2,2.286904648803353,0.28690464880335287,3140.5058146184533,6281.011629236907
67,2,2.1990462157297133,0.19904621572971345,3247.746635485706,6495.493270971411
68,2,2.242036707968374,0.242036707968374,3214.031550848465,6428.063101696929
69,2,2.241976031007482,0.24197603100748188,3196.274409953699,6392.548819907398
70,2,2.3836766357762276,0.38367663577622746,3117.904817323807,6235.809634647614
71,2,2.3568693396629006,0.3568693396629006,3133.0266180146377,6266.0532360292755
72,2,2.507290410890809,0.5072904108908091,3090.664690400744,6181.329380801488
73,2,2.591566296131682,0.5915662961316823,3033.686133182959,6067.372266365917
74,2,2.7595353419321187,0.7595353419321189,2895.908942404763,5791.817884809525
75,2,2.7644708646132603,0.7644708646132601,2923.8519248457756,5847.703849691551
76,2,2.8414336338872443,0.8414336338872441,2947.6454308404464,5895.290861680893
77,2,2.6910184835032696,0.6910184835032697,3105.0222002515125,6210.044400503025
78,2,2.7715509339168323,0.771550933916832,3037.5314899627297,6075.062979925459
79,2,2.7653660553985593,0.7653660553985592,2988.904443178628,5977.808886357256
80,2,2.745282849129705,0.7452828491297052,3130.872736190932,6261.745472381864
81,2,2.6315323186239725,0.6315323186239725,3241.535779899497,6483.071559798994
82,2,2.695945271409352,0.6959452714093517,3192.1990571979213,6384.398114395843
83,2,2.7744126868169174,0.7744126868169174,3175.9021853191803,6351.8043706383605
84,2,2.7221735450813007,0.7221735450813007,3198.527725479833,6397.055450959666
85,2,2.8948921259036213,0.8948921259036211,3077.867956785144,6155.735913570288
86,2,2.931592616313098,0.9315926163130982,3102.8546810324383,6205.709362064877
87,2,2.9893241445482905,0.9893241445482907,3077.8097400095276,6155.619480019055
88,2,2.9895283680693767,0.9895283680693766,3027.718387192475,6055.43677438495
89,2,2.9378333658143245,0.9378333658143244,3016.204945829965,6032.40989165993
90,2,3.1416578164106577,1.1416578164106574,2914.3816225429973,5828.763245085995
91,2,3.12965227587421,1.12965227587421,2890.1373521182986,5780.274704236596
92,2,3.225653486639491,1.225653486639491,2786.416587002598,5572.833174005195
93,2,3.2485524622299033,1.2485524622299036,2800.1841056508756,5600.36821130175
94,2,3.17958263389706,1.1795826338970599,2814.7147184041105,5629.429436808221
95,2,3.1344251098989013,1.1344251098989013,2846.3933404327217,5692.7866808654435
96,2,3.1906062795730867,1.1906062795730867,2780.22187899167,5560.44375798334
97,2,3.1648060101689386,1.1648060101689386,2837.8137012793277,5675.627402558655
98,2,3.3112802087427617,1.311280208742762,2692.9376258396205,5385.87525167924
99,2,3.255330575673616,1.2553305756736162,2662.038618781129,5324.077237562258
